// Jest Snapshot v1, https://goo.gl/fbAQLP

exports[`Should render successfully 1`] = `
<div
  className="Notification__Container-sc-1kgx9f5-0 cQMxCI"
>
  <div
    className="Notification__MessageContainer-sc-1kgx9f5-1 igVdfe"
    type="success"
  >
    <div
      className="Notification__IconContainer-sc-1kgx9f5-2 fvMaPp"
      type="success"
    >
      <div
        className="Notification__Icon-sc-1kgx9f5-3 joNqKH"
      >
        ✔
      </div>
    </div>
    <div
      className="Notification__TextContainer-sc-1kgx9f5-4 becpoR"
    >
      Notification
    </div>
  </div>
</div>
`;
