// Jest Snapshot v1, https://goo.gl/fbAQLP

exports[`Should render successfully 1`] = `
<div
  className="Notification__Container-sc-1kgx9f5-0 ekMjxr"
>
  <div
    className="Notification__MessageContainer-sc-1kgx9f5-1 bUxgjx"
  >
    <div
      className="Notification__IconContainer-sc-1kgx9f5-2 kzeCtx"
    >
      <div
        className="Notification__Icon-sc-1kgx9f5-3 joNqKH"
      >
        ✔
      </div>
    </div>
    <div
      className="Notification__TextContainer-sc-1kgx9f5-4 becpoR"
    />
    <div
      className="Notification__CloseButton-sc-1kgx9f5-5 dToYRu"
    >
      ×
    </div>
  </div>
</div>
`;
